// Vitest Snapshot v1, https://vitest.dev/guide/snapshot.html

exports[`codegen, > element 1`] = `
"const { createElementVNode: _createElementVNode } = Vue
return function render(_ctx, _cache){_createElementVNode('div')}"
`;

exports[`codegen, > interpolation 1`] = `
"const { toDisplayString: _toDisplayString } = Vue
return function render(_ctx, _cache){_toDisplayString(_ctx.message)}"
`;

exports[`codegen, > string 1`] = `"return function render(_ctx, _cache){return hi}"`;
